## 准备
根据[[WSL2连接USB存储设备]]进行配置

**主机使用的是Debian12-wsl**

安装必要工具： 
```bash
sudo apt-get install dosfstools dump parted kpartx
```

建立工作目录
```bash
mkdir ~/backupimg
cd ~/backupimg
```

## 生成空白img文件
插入装有源SD卡的读卡器到USB口后，确定源SD卡对应的设备名
```bash
ls /dev/sd*
```

结果：`/dev/sda /dev/sdb /dev/sdc /dev/sdd /dev/sdd1 /dev/sdd2`

如上所示 `/dev/sdd` 为源SD卡， `/dev/sdd1` 为 `/boot`， `/dev/sdd2` 为 `/ （根）`，不同的系统会有所不同。

挂载源SD卡，注意`uid`和`gid`，需要替换
```bash
mkdir src_boot src_Root
sudo mount -t vfat -o uid=xuezhaorong,gid=xuezhaorong,umask=0000 /dev/sdd1 ./src_boot/
sudo mount -t ext4 /dev/sdd2 ./src_Root/

```

查看源SD卡已用空间大小
```bash
df -h
```

结果：
```bash
Filesystem                       Size  Used Avail Use% Mounted on
none                             3.9G  4.0K  3.9G   1% /mnt/wsl
drivers                          200G  171G   30G  86% /usr/lib/wsl/drivers
/dev/sdc                        1007G   13G  944G   2% /
none                             3.9G   88K  3.9G   1% /mnt/wslg
none                             3.9G     0  3.9G   0% /usr/lib/wsl/lib
rootfs                           3.9G  2.2M  3.9G   1% /init
none                             3.9G     0  3.9G   0% /dev
none                             3.9G  8.0K  3.9G   1% /run
none                             3.9G     0  3.9G   0% /run/lock
none                             3.9G     0  3.9G   0% /run/shm
none                             3.9G     0  3.9G   0% /run/user
tmpfs                            3.9G     0  3.9G   0% /sys/fs/cgroup
none                             3.9G   76K  3.9G   1% /mnt/wslg/versions.txt
none                             3.9G   76K  3.9G   1% /mnt/wslg/doc
C:\                              200G  171G   30G  86% /mnt/c
D:\                              276G  247G   30G  90% /mnt/d
F:\                              954G  398G  557G  42% /mnt/f
C:\Program Files\usbipd-win\WSL  200G  171G   30G  86% /run/usbipd-win
/dev/sde1                        510M   76M  435M  15% /home/xuezhaorong/backupimg/src_boot
/dev/sde2                         29G  5.6G   22G  21% /home/xuezhaorong/backupimg/src_Root
```

可以看到`/dev/sde`,大约为5.6G，可以设置空白img文件的大小为6G，保证不会出现问题。
```bash
sudo dd if=/dev/zero of=raspberrypi.img bs=1M count=6000
```

查看生成的镜像文件的大小
```bash
ls -l raspberrypi.img
```

结果：
```bash
-rw-r--r-- 1 root root 6291456000 Nov 16 00:47 raspberrypi.img
```

## 未空白镜像文件进行分区
```bash
sudo parted raspberrypi.img --script -- mklabel msdos
sudo parted raspberrypi.img --script -- mkpart primary fat32 8192s 172032s
sudo parted raspberrypi.img --script -- mkpart primary ext4 180224s -1
```

第二第三行命令是为`/boot`和`/`分区的命令，具体的计算方法如下：
需要根据`df -h`命令的`/dev/sde1`和`/dev/sde2`的使用大小(Used)，确定对应的内存
如`/dev/sde1`的使用内存为`76M`，起始扇区为8192，结束扇区的计算方式为：
$(结束扇区-8192) * 512 =76M=76*1048576字节$，算出结束扇区之后再向上取整(取8192的倍数向上取整)，然后+8192保证充足空间，

`/dev/sde2`的起始扇区则需要在`/dev/sde1`的结束分区再+8192，结束扇区使用参数`-1`自动计算

检查镜像分区结果：
```bash
sudo parted raspberrypi.img
```

结果：
```bash
GNU Parted 3.5
Using /home/xuezhaorong/backupimg/raspberrypi.img
Welcome to GNU Parted! Type 'help' to view a list of commands.
(parted) print free
Model:  (file)
Disk /home/xuezhaorong/backupimg/raspberrypi.img: 6291MB
Sector size (logical/physical): 512B/512B
Partition Table: msdos
Disk Flags:

Number  Start   End     Size    Type     File system  Flags
        16.4kB  4194kB  4178kB           Free Space
 1      4194kB  88.1MB  83.9MB  primary               lba
        88.1MB  92.3MB  4194kB           Free Space
 2      92.3MB  6290MB  6198MB  primary
        6290MB  6291MB  1049kB           Free Space

(parted) quit
```

在parted程序中，输入print free命令可以显示分区内容，输入quit退出

## 挂载img文件到系统
查询img文件对应的Loop device的设置
```bash
sudo losetup -f --show raspberrypi.img
```

结果：
```bash
/dev/loop0
```

以下步骤需要根据上面具体的`Loop device`进行具体的替换

loop device设置
```bash
sudo kpartx -va /dev/loop0
```
检查：
```bash
ls /dev/mapper/loop0p*
```

结果：
```bash
/dev/mapper/loop0p1  /dev/mapper/loop0p2
```

loop0p1对应的是img文件分区上的`/boot`，loop0p2对应的是 `/（根）`

接着给img文件中的两个分区格式化
```bash
sudo mkfs.vfat -n boot /dev/mapper/loop0p1
sudo mkfs.ext4 /dev/mapper/loop0p2
```


挂载目标img文件loop device，**需要注意`uid`和`gid`的替换**
```bash
mkdir tgt_boot tgt_Root
sudo mount -t vfat -o uid=xuezhaorong,gid=xuezhaorong,umask=0000 /dev/mapper/loop0p1 ./tgt_boot/
sudo mount -t ext4 /dev/mapper/loop0p2 ./tgt_Root/
```

## 备份
首先备份/boot，直接拷贝即可，需要等待一定时间
```bash
sudo cp -rfp ./src_boot/* ./tgt_boot/
```

备份根文件系统
对目标挂载点设置合适的权限，并清空，**注意用户组和用户名的替换**
```bash
sudo chmod 777 tgt_Root
sudo chown xuezhaorong:xuezhaorong tgt_Root
sudo rm -rf ./tgt_Root/*
```

  
然后用tar把源SD卡的根文件系统打包
```bash
cd src_Root/
sudo tar pcf ../backup.tar .
```

此过程可能需要比较长的时间，可另外开一个终端，运行如下命令，用来观察backup.tar文件大小的变化。
```bash
watch -d -n 5 ls -lh ~/backupimg
```

上述打包过程结束后，接着将tar包解开到目标img文件的根文件系统
```bash
cd ../tgt_Root/
sudo tar pxf ../backup.tar
```

解包过程结束后，可以选择回到上层目录，删除backup.tar文件
```bash
cd ..
sudo rm backup.tar
```

## 相应修改PARTUUID设定
这时候整个备份就已经完成了。不过此时的img文件即使写入到空白SD卡里面也是无法启动的，因为Raspbian启动要对应分区的PARTUUID，所以还要修改目标img文件里的如下两个文件：
```bash
./tgt_boot/cmdline.txt 
./tgt_Root/etc/fstab
```
首先查看img文件对应的loop device的两个分区的PARTUUID
```bash
sudo blkid
```
结果：
```bash
/dev/mmcblk0p1: LABEL="boot" UUID="E5B7-FEA1" TYPE="vfat" PARTUUID="ddffe93a-01"
/dev/mmcblk0p2: UUID="b4ea8e46-fe87-4ddd-9e94-506c37005ac5" TYPE="ext4" PARTUUID="ddffe93a-02"
/dev/sda2: UUID="9a7608bd-5bff-4dfc-ac1d-63a956744162" TYPE="ext4" PARTUUID="ec04fe79-02"
/dev/loop0: PTUUID="af2f8761" PTTYPE="dos"
/dev/mmcblk0: PTUUID="ddffe93a" PTTYPE="dos"
/dev/sda1: LABEL="boot" UUID="B60A-B262" TYPE="vfat" PARTUUID="ec04fe79-01"
/dev/mapper/loop0p1: SEC_TYPE="msdos" LABEL="boot" UUID="755C-C29C" TYPE="vfat" PARTUUID="af2f8761-01"
/dev/mapper/loop0p2: UUID="a174c97e-049f-4fbd-abb7-0b9098dae24a" TYPE="ext4" PARTUUID="af2f8761-02"
```

这里可以看到/boot(/dev/mapper/loop0p1)对应的是af2f8761-01 ， / (/dev/mapper/loop0p2)对应的是af2f8761-02

修改 cmdline.txt 文件,修改root值为af2f8761-02
```bash
sudo nano ./tgt_boot/cmdline.txt
```

```bash
dwc_otg.lpm_enable=0 console=serial0,115200 console=tty1 root=PARTUUID=af2f8761-02 rootfstype=ext4 elevator=deadline fsck.repair=yes rootwait
```

修改 fstab 文件,修改/boot和/
```bash
sudo nano ./tgt_Root/etc/fstab
```

```bash
proc            /proc           proc    defaults          0       0
PARTUUID=af2f8761-01  /boot           vfat    defaults          0       2
PARTUUID=af2f8761-02  /               ext4    defaults,noatime  0       1
# a swapfile is not a swap partition, no line here
#   use  dphys-swapfile swap[on|off]  for that
```

## 卸载
卸载各个挂载的分区
```bash
sudo umount src_boot src_Root tgt_boot tgt_Root
```

删除loop device
```bash
sudo kpartx -d /dev/loop0
sudo losetup -d /dev/loop0
```

删除挂载点目录
```bash
rmdir src_boot src_Root tgt_boot tgt_Root
```

最后剩下img文件，完成